[demo.dethemes.com/nikh/index.html]
[backblue.gif]
[fade.gif]
[index.html]
[demo.dethemes.com/nikh/images/favicon.jpg]
[demo.dethemes.com/nikh/css/animate/animate.css]
[demo.dethemes.com/nikh/css/style.css]
[demo.dethemes.com/nikh/css/bootstrap/bootstrap.css]
[demo.dethemes.com/nikh/css/landing-page.css]
[demo.dethemes.com/nikh/images/sidebar-version.jpg]
[www.google-analytics.com/analytics.js]
[demo.dethemes.com/nikh/index-sidebar-fullheight.html]
[demo.dethemes.com/nikh/images/screen.jpg]
[demo.dethemes.com/nikh/images/topbar-version.jpg]
[demo.dethemes.com/nikh/index-sidebar.html]
[demo.dethemes.com/nikh/index-topbar-fullheight.html]
[demo.dethemes.com/nikh/index-topbar.html]
[demo.dethemes.com/nikh/js/devicejs/device.min.js]
[demo.dethemes.com/nikh/index.html]
[demo.dethemes.com/nikh/js/bootstrap/bootstrap.min.js]
[demo.dethemes.com/nikh/css/fonts/glyphicons-halflings-regular.eot]
[demo.dethemes.com/nikh/css/fonts/glyphicons-halflings-regular.woff]
[demo.dethemes.com/nikh/css/fonts/glyphicons-halflings-regular.ttf]
[demo.dethemes.com/nikh/js/jquery-1.11.1.min.js]
[demo.dethemes.com/nikh/css/fonts/glyphicons-halflings-regulard41d.eot]
[demo.dethemes.com/nikh/css/bootstrap/bootstrap.css]
[demo.dethemes.com/nikh/css/animate/animate.css]
[demo.dethemes.com/nikh/images/menu-back.jpg]
[demo.dethemes.com/nikh/images/gallery.jpg]
[demo.dethemes.com/nikh/images/events-main.jpg]
[demo.dethemes.com/nikh/images/bridesmaid.jpg]
[demo.dethemes.com/nikh/images/groomsmen.jpg]
[demo.dethemes.com/nikh/images/blog-main.jpg]
[demo.dethemes.com/nikh/images/rsvp-main.jpg]
[demo.dethemes.com/nikh/css/style.css]
[demo.dethemes.com/nikh/css/landing-page.css]
[demo.dethemes.com/nikh/css/preloader.css]
[demo.dethemes.com/nikh/css/pace/pace-theme.css]
[demo.dethemes.com/nikh/css/pace/pace-theme-center-circle.css]
[demo.dethemes.com/nikh/css/supersized/supersized.css]
[demo.dethemes.com/nikh/css/supersized/supersized.shutter.css]
[demo.dethemes.com/nikh/css/fonts/fontello/css/fontello.css]
[demo.dethemes.com/nikh/css/countdown/jquery.countdown.css]
[demo.dethemes.com/nikh/css/magnific-popup/magnific-popup.css]
[demo.dethemes.com/nikh/css/owlcarousel/owl.carousel.css]
[demo.dethemes.com/nikh/css/owlcarousel/owl.theme.css]
[demo.dethemes.com/nikh/css/style-switcher.css]
[demo.dethemes.com/nikh/accomodation.html]
[demo.dethemes.com/nikh/gift.html]
[demo.dethemes.com/nikh/images/him.jpg]
[demo.dethemes.com/nikh/him.html]
[demo.dethemes.com/nikh/images/her.jpg]
[demo.dethemes.com/nikh/her.html]
[demo.dethemes.com/nikh/images/gallery1.jpg]
[demo.dethemes.com/nikh/images/gallery2.jpg]
[demo.dethemes.com/nikh/images/gallery3.jpg]
[demo.dethemes.com/nikh/images/gallery4.jpg]
[demo.dethemes.com/nikh/images/gallery5.jpg]
[demo.dethemes.com/nikh/images/gallery6.jpg]
[demo.dethemes.com/nikh/images/gallery8.jpg]
[demo.dethemes.com/nikh/images/gallery9.jpg]
[demo.dethemes.com/nikh/images/wedding-ceremony.jpg]
[demo.dethemes.com/nikh/the-ceremony.html]
[demo.dethemes.com/nikh/images/wedding-party.jpg]
[demo.dethemes.com/nikh/wedding-party.html]
[demo.dethemes.com/nikh/images/bridesmaid1.jpg]
[demo.dethemes.com/nikh/images/bridesmaid2.jpg]
[demo.dethemes.com/nikh/images/bridesmaid3.jpg]
[demo.dethemes.com/nikh/images/bridesmaid4.jpg]
[demo.dethemes.com/nikh/images/bridesmaid5.jpg]
[demo.dethemes.com/nikh/images/bridesmaid6.jpg]
[demo.dethemes.com/nikh/images/groomsmen1.jpg]
[demo.dethemes.com/nikh/images/groomsmen2.jpg]
[demo.dethemes.com/nikh/images/groomsmen3.jpg]
[demo.dethemes.com/nikh/images/groomsmen5.jpg]
[demo.dethemes.com/nikh/images/groomsmen6.jpg]
[demo.dethemes.com/nikh/images/blog1.jpg]
[demo.dethemes.com/nikh/blog-popup.html]
[demo.dethemes.com/nikh/images/blog2.jpg]
[demo.dethemes.com/nikh/js/pace/pace.min.js]
[demo.dethemes.com/nikh/js/gmap/jquery.gmap.min.js]
[demo.dethemes.com/nikh/js/parallax/jquery.parallax-1.1.3.js]
[demo.dethemes.com/nikh/js/masonry/masonry.pkgd.min.js]
[demo.dethemes.com/nikh/js/onepagenav/jquery.nav.js]
[demo.dethemes.com/nikh/js/smoothscroll/jquery.smooth-scroll.min.js]
[demo.dethemes.com/nikh/js/sticky/jquery.sticky.js]
[demo.dethemes.com/nikh/js/waypoint/waypoints.min.js]
[demo.dethemes.com/nikh/js/supersized/jquery.easing.min.js]
[demo.dethemes.com/nikh/js/supersized/supersized.shutter.min.js]
[demo.dethemes.com/nikh/js/countdown/jquery.plugin.min.js]
[demo.dethemes.com/nikh/js/supersized/supersized.3.2.7.js]
[demo.dethemes.com/nikh/js/mousewheel/jquery.mousewheel.min.js]
[demo.dethemes.com/nikh/js/nicescroll/jquery.nicescroll.min.js]
[demo.dethemes.com/nikh/js/countdown/jquery.countdown.js]
[demo.dethemes.com/nikh/js/windows/jquery.windows.js]
[demo.dethemes.com/nikh/js/magnific-popup/jquery.magnific-popup.min.js]
[demo.dethemes.com/nikh/js/owlcarousel/owl.carousel.js]
[demo.dethemes.com/nikh/js/placeholder/jquery.placeholder.js]
[demo.dethemes.com/nikh/js/rsvp.js]
[demo.dethemes.com/nikh/js/fullsize.js]
[demo.dethemes.com/nikh/js/fullheight.js]
[demo.dethemes.com/nikh/js/script.js]
[demo.dethemes.com/nikh/js/custom-window.js]
[demo.dethemes.com/nikh/js/style-switcher.js]
[demo.dethemes.com/nikh/index-sidebar-fullheight.html]
[demo.dethemes.com/nikh/images/him-1.jpg]
[demo.dethemes.com/nikh/images/her-1.jpg]
[demo.dethemes.com/nikh/index-sidebar.html]
[demo.dethemes.com/nikh/js/custom-sticky.js]
[demo.dethemes.com/nikh/index-topbar-fullheight.html]
[demo.dethemes.com/nikh/index-topbar.html]
[demo.dethemes.com/nikh/css/fonts/glyphicons-halflings-regular.svg]
[demo.dethemes.com/nikh/images/preloader_background.jpg]
[demo.dethemes.com/nikh/css/preloader.css]
[demo.dethemes.com/nikh/css/pace/pace-theme.css]
[demo.dethemes.com/nikh/css/pace/pace-theme-center-circle.css]
[demo.dethemes.com/nikh/css/supersized/img/progress.gif]
[demo.dethemes.com/nikh/css/supersized/supersized.css]
[demo.dethemes.com/nikh/css/supersized/img/bg-hover.png]
[demo.dethemes.com/nikh/css/supersized/img/back.png]
[demo.dethemes.com/nikh/css/supersized/img/forward.png]
[demo.dethemes.com/nikh/css/supersized/img/nav-dot.png]
[demo.dethemes.com/nikh/css/supersized/img/progress-back.png]
[demo.dethemes.com/nikh/css/supersized/img/progress-bar.png]
[demo.dethemes.com/nikh/css/supersized/img/bg-black.png]
[demo.dethemes.com/nikh/css/supersized/img/thumb-back.png]
[demo.dethemes.com/nikh/css/supersized/img/thumb-forward.png]
[demo.dethemes.com/nikh/css/supersized/supersized.shutter.css]
[demo.dethemes.com/nikh/css/fonts/fontello/font/fontellobb14.eot]
[demo.dethemes.com/nikh/css/fonts/fontello/font/fontellobb14.woff]
[demo.dethemes.com/nikh/css/fonts/fontello/font/fontellobb14.ttf]
[demo.dethemes.com/nikh/css/fonts/fontello/css/fontello.css]
[demo.dethemes.com/nikh/css/countdown/jquery.countdown.css]
[demo.dethemes.com/nikh/css/magnific-popup/magnific-popup.css]
[demo.dethemes.com/nikh/css/owlcarousel/owl.carousel.css]
[demo.dethemes.com/nikh/css/owlcarousel/AjaxLoader.gif]
[demo.dethemes.com/nikh/css/owlcarousel/owl.theme.css]
[demo.dethemes.com/nikh/css/style-switcher.css]
[demo.dethemes.com/nikh/images/accomodation1.jpg]
[demo.dethemes.com/nikh/images/accomodation2.jpg]
[demo.dethemes.com/nikh/images/accomodation3.jpg]
[demo.dethemes.com/nikh/images/accomodation4.jpg]
[demo.dethemes.com/nikh/accomodation.html]
[demo.dethemes.com/nikh/images/macys.png]
[demo.dethemes.com/nikh/images/belk.png]
[demo.dethemes.com/nikh/images/bedbathbeyond.png]
[demo.dethemes.com/nikh/gift.html]
[demo.dethemes.com/nikh/him.html]
[demo.dethemes.com/nikh/her.html]
[demo.dethemes.com/nikh/images/gallery7.jpg]
[demo.dethemes.com/nikh/images/pop-up1.jpg]
[demo.dethemes.com/nikh/the-ceremony.html]
[demo.dethemes.com/nikh/images/pop-up2.jpg]
[demo.dethemes.com/nikh/wedding-party.html]
[demo.dethemes.com/nikh/images/groomsmen4.jpg]
[demo.dethemes.com/nikh/blog-popup.html]
[demo.dethemes.com/nikh/css/custom-style.css]
[demo.dethemes.com/nikh/css/supersized/img/nav-bg.png]
[demo.dethemes.com/nikh/css/fonts/fontello/font/fontellobb14.svg]
[demo.dethemes.com/nikh/css/owlcarousel/grabbing.html]
