[bestday.maskandesign.com/html/index.html]
[backblue.gif]
[fade.gif]
[index.html]
[bestday.maskandesign.com/html/css/bootstrap.css]
[bestday.maskandesign.com/html/css/bootstrap-theme.css]
[bestday.maskandesign.com/html/css/font-awesome.min.css]
[bestday.maskandesign.com/html/css/owl.carousel.css]
[bestday.maskandesign.com/html/css/colorbox.css]
[bestday.maskandesign.com/html/css/style.css]
[bestday.maskandesign.com/html/template/index_brown.html]
[bestday.maskandesign.com/html/template/index_pink.html]
[bestday.maskandesign.com/html/template/index_red.html]
[bestday.maskandesign.com/html/template/index_blue.html]
[bestday.maskandesign.com/html/template/index_slider.html]
[bestday.maskandesign.com/html/template/index_player.html]
[bestday.maskandesign.com/html/images/back.jpg]
[bestday.maskandesign.com/html/js/jquery-1.11.0.min.js]
[bestday.maskandesign.com/html/js/jquery.plugin.min.js]
[bestday.maskandesign.com/html/js/jquery.countdown.min.js]
[bestday.maskandesign.com/html/js/jquery.colorbox-min.js]
[bestday.maskandesign.com/html/js/owl.carousel.min.js]
[bestday.maskandesign.com/html/js/bootstrap.min.js]
[bestday.maskandesign.com/html/js/skrollr.min.js]
[bestday.maskandesign.com/html/js/prefixfree.min.js]
[bestday.maskandesign.com/html/js/jquery.firefly-0.3-min.js]
[bestday.maskandesign.com/html/index.html]
[bestday.maskandesign.com/html/js/script.js]
[bestday.maskandesign.com/html/fonts/glyphicons-halflings-regular.eot]
[bestday.maskandesign.com/html/fonts/glyphicons-halflings-regular.woff2]
[bestday.maskandesign.com/html/fonts/glyphicons-halflings-regulard41d.eot]
[bestday.maskandesign.com/html/fonts/glyphicons-halflings-regular.woff]
[bestday.maskandesign.com/html/fonts/glyphicons-halflings-regular.ttf]
[bestday.maskandesign.com/html/css/bootstrap.css]
[bestday.maskandesign.com/html/fonts/glyphicons-halflings-regular.svg]
[bestday.maskandesign.com/html/css/bootstrap-theme.css]
[bestday.maskandesign.com/html/fonts/fontawesome-webfonte0a5.eot]
[bestday.maskandesign.com/html/fonts/fontawesome-webfontd41d.eot]
[bestday.maskandesign.com/html/fonts/fontawesome-webfonte0a5.woff]
[bestday.maskandesign.com/html/fonts/fontawesome-webfonte0a5.ttf]
[bestday.maskandesign.com/html/fonts/fontawesome-webfonte0a5.svg]
[bestday.maskandesign.com/html/css/font-awesome.min.css]
[bestday.maskandesign.com/html/css/flaticon/flaticon.woff]
[bestday.maskandesign.com/html/css/flaticon/flaticon.ttf]
[bestday.maskandesign.com/html/css/flaticon/flaticon.css]
[bestday.maskandesign.com/html/css/flaticon/flaticon.svg]
[bestday.maskandesign.com/html/css/owl.carousel.css]
[bestday.maskandesign.com/html/css/colorbox.css]
[bestday.maskandesign.com/html/css/style.css]
[bestday.maskandesign.com/html/css/jquery.scrollSections.css]
[bestday.maskandesign.com/html/template/css/bootstrap.css]
[bestday.maskandesign.com/html/template/css/bootstrap-theme.css]
[bestday.maskandesign.com/html/template/css/font-awesome.min.css]
[bestday.maskandesign.com/html/template/css/owl.carousel.css]
[bestday.maskandesign.com/html/template/css/owl.transitions.css]
[bestday.maskandesign.com/html/template/css/colorbox.css]
[bestday.maskandesign.com/html/template/css/style.css]
[bestday.maskandesign.com/html/template/css/brown.css]
[bestday.maskandesign.com/html/template/images/back.jpg]
[bestday.maskandesign.com/html/template/images/im1.jpg]
[bestday.maskandesign.com/html/template/images/im2.jpg]
[bestday.maskandesign.com/html/template/images/port2.jpg]
[bestday.maskandesign.com/html/template/images/port3.jpg]
[bestday.maskandesign.com/html/template/images/port1.jpg]
[bestday.maskandesign.com/html/template/images/port4.jpg]
[bestday.maskandesign.com/html/template/images/port5.jpg]
[bestday.maskandesign.com/html/template/images/port6.jpg]
[bestday.maskandesign.com/html/template/images/br1.jpg]
[bestday.maskandesign.com/html/template/images/br2.jpg]
[bestday.maskandesign.com/html/template/images/br3.jpg]
[bestday.maskandesign.com/html/template/images/br4.jpg]
[bestday.maskandesign.com/html/template/images/br5.jpg]
[bestday.maskandesign.com/html/template/images/br6.jpg]
[bestday.maskandesign.com/html/template/images/br7.jpg]
[bestday.maskandesign.com/html/template/images/br8.jpg]
[bestday.maskandesign.com/html/template/images/br9.jpg]
[bestday.maskandesign.com/html/template/images/br10.jpg]
[bestday.maskandesign.com/html/template/images/port7.jpg]
[bestday.maskandesign.com/html/template/images/port8.jpg]
[bestday.maskandesign.com/html/template/images/port9.jpg]
[bestday.maskandesign.com/html/template/images/port10.jpg]
[bestday.maskandesign.com/html/template/images/port11.jpg]
[bestday.maskandesign.com/html/template/images/port12.jpg]
[bestday.maskandesign.com/html/template/images/amazon.png]
[bestday.maskandesign.com/html/template/images/johnlewis.png]
[bestday.maskandesign.com/html/template/images/belk.png]
[bestday.maskandesign.com/html/template/images/bedbathbeyond.png]
[bestday.maskandesign.com/html/template/images/back6.jpg]
[bestday.maskandesign.com/html/template/js/jquery-1.11.0.min.js]
[bestday.maskandesign.com/html/template/js/jquery.plugin.min.js]
[bestday.maskandesign.com/html/template/js/jquery.countdown.min.js]
[bestday.maskandesign.com/html/template/js/jquery.colorbox-min.js]
[bestday.maskandesign.com/html/template/js/owl.carousel.min.js]
[bestday.maskandesign.com/html/template/js/bootstrap.min.js]
[bestday.maskandesign.com/html/template/js/skrollr.min.js]
[bestday.maskandesign.com/html/template/js/prefixfree.min.js]
[bestday.maskandesign.com/html/template/js/jquery.firefly-0.3-min.js]
[bestday.maskandesign.com/html/template/index_brown.html]
[bestday.maskandesign.com/html/template/js/script.js]
[bestday.maskandesign.com/html/template/css/pink.css]
[bestday.maskandesign.com/html/template/images/pink/back.jpg]
[bestday.maskandesign.com/html/template/images/pink/im1.jpg]
[bestday.maskandesign.com/html/template/images/pink/port2.jpg]
[bestday.maskandesign.com/html/template/images/pink/port3.jpg]
[bestday.maskandesign.com/html/template/images/pink/port1.jpg]
[bestday.maskandesign.com/html/template/images/pink/port4.jpg]
[bestday.maskandesign.com/html/template/images/pink/port5.jpg]
[bestday.maskandesign.com/html/template/images/pink/port6.jpg]
[bestday.maskandesign.com/html/template/images/pink/port7.jpg]
[bestday.maskandesign.com/html/template/images/pink/port8.jpg]
[bestday.maskandesign.com/html/template/images/pink/port9.jpg]
[bestday.maskandesign.com/html/template/images/pink/port10.jpg]
[bestday.maskandesign.com/html/template/images/pink/port11.jpg]
[bestday.maskandesign.com/html/template/images/pink/port12.jpg]
[bestday.maskandesign.com/html/template/index_pink.html]
[bestday.maskandesign.com/html/template/css/red.css]
[bestday.maskandesign.com/html/template/images/red/back.jpg]
[bestday.maskandesign.com/html/template/images/red/im1.jpg]
[bestday.maskandesign.com/html/template/images/red/im2.jpg]
[bestday.maskandesign.com/html/template/images/red/port2.jpg]
[bestday.maskandesign.com/html/template/images/red/port3.jpg]
[bestday.maskandesign.com/html/template/images/red/port1.jpg]
[bestday.maskandesign.com/html/template/images/red/port4.jpg]
[bestday.maskandesign.com/html/template/images/red/port5.jpg]
[bestday.maskandesign.com/html/template/images/red/port6.jpg]
[bestday.maskandesign.com/html/template/images/red/port7.jpg]
[bestday.maskandesign.com/html/template/images/red/port8.jpg]
[bestday.maskandesign.com/html/template/images/red/port9.jpg]
[bestday.maskandesign.com/html/template/images/red/port10.jpg]
[bestday.maskandesign.com/html/template/images/red/port11.jpg]
[bestday.maskandesign.com/html/template/images/red/port12.jpg]
[bestday.maskandesign.com/html/template/images/red/back6.jpg]
[bestday.maskandesign.com/html/template/index_red.html]
[bestday.maskandesign.com/html/template/css/blue.css]
[bestday.maskandesign.com/html/template/images/blue/back.jpg]
[bestday.maskandesign.com/html/template/images/blue/im1.jpg]
[bestday.maskandesign.com/html/template/images/blue/im2.jpg]
[bestday.maskandesign.com/html/template/images/blue/port2.jpg]
[bestday.maskandesign.com/html/template/images/blue/port3.jpg]
[bestday.maskandesign.com/html/template/images/blue/port4.jpg]
[bestday.maskandesign.com/html/template/images/blue/port5.jpg]
[bestday.maskandesign.com/html/template/images/blue/port6.jpg]
[bestday.maskandesign.com/html/template/images/blue/port7.jpg]
[bestday.maskandesign.com/html/template/images/blue/port8.jpg]
[bestday.maskandesign.com/html/template/images/blue/port9.jpg]
[bestday.maskandesign.com/html/template/images/blue/port10.jpg]
[bestday.maskandesign.com/html/template/images/blue/port11.jpg]
[bestday.maskandesign.com/html/template/images/blue/port12.jpg]
[bestday.maskandesign.com/html/template/images/blue/back6.jpg]
[bestday.maskandesign.com/html/template/index_blue.html]
[bestday.maskandesign.com/html/template/images/back3.jpg]
[bestday.maskandesign.com/html/template/index_slider.html]
[bestday.maskandesign.com/html/template/index_player.html]
[bestday.maskandesign.com/html/js/jquery-1.11.0.min.js]
[bestday.maskandesign.com/html/js/jquery.plugin.min.js]
[bestday.maskandesign.com/html/js/jquery.countdown.min.js]
[bestday.maskandesign.com/html/js/jquery.onepage-scroll.min.html]
[bestday.maskandesign.com/html/js/jquery.colorbox-min.js]
[bestday.maskandesign.com/html/js/owl.carousel.min.js]
[bestday.maskandesign.com/html/js/bootstrap.min.js]
[bestday.maskandesign.com/html/js/skrollr.min.js]
[bestday.maskandesign.com/html/js/prefixfree.min.js]
[bestday.maskandesign.com/html/js/jquery.firefly-0.3-min.js]
[bestday.maskandesign.com/html/js/script.js]
[bestday.maskandesign.com/html/fonts/glyphicons-halflings-regular.svg]
[bestday.maskandesign.com/html/fonts/fontawesome-webfonte0a5.woff2]
[bestday.maskandesign.com/html/fonts/fontawesome-webfonte0a5.svg]
[bestday.maskandesign.com/html/css/flaticon/flaticon.eot]
[bestday.maskandesign.com/html/css/flaticon/flaticon.svg]
[bestday.maskandesign.com/html/css/grabbing.html]
[bestday.maskandesign.com/html/css/images/loading.html]
[bestday.maskandesign.com/html/images/prev.html]
[bestday.maskandesign.com/html/images/next.html]
[bestday.maskandesign.com/html/images/close.html]
[bestday.maskandesign.com/html/images/bullet.html]
[bestday.maskandesign.com/html/template/fonts/glyphicons-halflings-regular.eot]
[bestday.maskandesign.com/html/template/fonts/glyphicons-halflings-regular.woff2]
[bestday.maskandesign.com/html/template/fonts/glyphicons-halflings-regulard41d.eot]
[bestday.maskandesign.com/html/template/fonts/glyphicons-halflings-regular.woff]
[bestday.maskandesign.com/html/template/fonts/glyphicons-halflings-regular.ttf]
[bestday.maskandesign.com/html/template/fonts/glyphicons-halflings-regular.svg]
[bestday.maskandesign.com/html/template/css/bootstrap.css]
[bestday.maskandesign.com/html/template/css/bootstrap-theme.css]
[bestday.maskandesign.com/html/template/fonts/fontawesome-webfonte0a5.eot]
[bestday.maskandesign.com/html/template/fonts/fontawesome-webfontd41d.eot]
[bestday.maskandesign.com/html/template/fonts/fontawesome-webfonte0a5.woff2]
[bestday.maskandesign.com/html/template/fonts/fontawesome-webfonte0a5.woff]
[bestday.maskandesign.com/html/template/fonts/fontawesome-webfonte0a5.ttf]
[bestday.maskandesign.com/html/template/fonts/fontawesome-webfonte0a5.svg]
[bestday.maskandesign.com/html/template/css/font-awesome.min.css]
[bestday.maskandesign.com/html/template/css/flaticon/flaticon.eot]
[bestday.maskandesign.com/html/template/css/flaticon/flaticon.woff]
[bestday.maskandesign.com/html/template/css/flaticon/flaticon.ttf]
[bestday.maskandesign.com/html/template/css/flaticon/flaticon.css]
[bestday.maskandesign.com/html/template/css/flaticon/flaticon.svg]
[bestday.maskandesign.com/html/template/css/owl.carousel.css]
[bestday.maskandesign.com/html/template/css/owl.transitions.css]
[bestday.maskandesign.com/html/template/images/prev.png]
[bestday.maskandesign.com/html/template/images/next.png]
[bestday.maskandesign.com/html/template/images/close.png]
[bestday.maskandesign.com/html/template/css/colorbox.css]
[bestday.maskandesign.com/html/template/images/venz1.png]
[bestday.maskandesign.com/html/template/images/venz4.png]
[bestday.maskandesign.com/html/template/images/venz5.png]
[bestday.maskandesign.com/html/template/css/style.css]
[bestday.maskandesign.com/html/template/images/brown/main_back.jpg]
[bestday.maskandesign.com/html/template/images/brown/bullet.png]
[bestday.maskandesign.com/html/template/images/brown/im_arrow_end.png]
[bestday.maskandesign.com/html/template/images/brown/im_arrow_start.png]
[bestday.maskandesign.com/html/template/images/brown/double_arrow.png]
[bestday.maskandesign.com/html/template/images/brown/arrow_back.png]
[bestday.maskandesign.com/html/template/images/brown/arrow_end.png]
[bestday.maskandesign.com/html/template/images/brown/arrow_start.png]
[bestday.maskandesign.com/html/template/images/brown/bullet_active.png]
[bestday.maskandesign.com/html/template/images/brown/paper.jpg]
[bestday.maskandesign.com/html/template/images/brown/env_back.jpg]
[bestday.maskandesign.com/html/template/images/brown/env_top.png]
[bestday.maskandesign.com/html/template/images/brown/env_top_top.png]
[bestday.maskandesign.com/html/template/images/brown/envelope_front.png]
[bestday.maskandesign.com/html/template/css/brown.css]
[bestday.maskandesign.com/html/template/js/jquery-1.11.0.min.js]
[bestday.maskandesign.com/html/template/js/jquery.plugin.min.js]
[bestday.maskandesign.com/html/template/js/jquery.countdown.min.js]
[bestday.maskandesign.com/html/template/js/jquery.colorbox-min.js]
[bestday.maskandesign.com/html/template/js/owl.carousel.min.js]
[bestday.maskandesign.com/html/template/js/bootstrap.min.js]
[bestday.maskandesign.com/html/template/js/skrollr.min.js]
[bestday.maskandesign.com/html/template/js/prefixfree.min.js]
[bestday.maskandesign.com/html/template/js/jquery.firefly-0.3-min.js]
[bestday.maskandesign.com/html/template/js/script.js]
[bestday.maskandesign.com/html/template/images/pink/bb.jpg]
[bestday.maskandesign.com/html/template/images/pink/bullet.png]
[bestday.maskandesign.com/html/template/images/pink/fl1.png]
[bestday.maskandesign.com/html/template/images/pink/fl2.png]
[bestday.maskandesign.com/html/template/images/pink/arrow_back.png]
[bestday.maskandesign.com/html/template/images/pink/arrow_end.png]
[bestday.maskandesign.com/html/template/images/pink/arrow_start.png]
[bestday.maskandesign.com/html/template/images/pink/bullet_active.png]
[bestday.maskandesign.com/html/template/images/pink/paper.jpg]
[bestday.maskandesign.com/html/template/images/pink/env_back.jpg]
[bestday.maskandesign.com/html/template/images/pink/env_top.png]
[bestday.maskandesign.com/html/template/images/pink/env_top_top.png]
[bestday.maskandesign.com/html/template/css/pink.css]
[bestday.maskandesign.com/html/template/images/pink/im2.jpg]
[bestday.maskandesign.com/html/template/images/pink/back6.jpg]
[bestday.maskandesign.com/html/template/images/red/main_back.jpg]
[bestday.maskandesign.com/html/template/images/red/bullet.png]
[bestday.maskandesign.com/html/template/images/red/im_arrow_end.png]
[bestday.maskandesign.com/html/template/images/red/im_arrow_start.png]
[bestday.maskandesign.com/html/template/images/red/double_arrow.png]
[bestday.maskandesign.com/html/template/images/red/arrow_back.png]
[bestday.maskandesign.com/html/template/images/red/arrow_end.png]
[bestday.maskandesign.com/html/template/images/red/arrow_start.png]
[bestday.maskandesign.com/html/template/images/red/bullet_active.png]
[bestday.maskandesign.com/html/template/images/red/paper.jpg]
[bestday.maskandesign.com/html/template/images/red/env_back.jpg]
[bestday.maskandesign.com/html/template/images/red/env_top.png]
[bestday.maskandesign.com/html/template/images/red/env_top_top.png]
[bestday.maskandesign.com/html/template/images/red/envelope_front.png]
[bestday.maskandesign.com/html/template/css/red.css]
[bestday.maskandesign.com/html/template/images/blue/main_back.jpg]
[bestday.maskandesign.com/html/template/images/blue/bullet.png]
[bestday.maskandesign.com/html/template/images/blue/im_arrow_end.png]
[bestday.maskandesign.com/html/template/images/blue/im_arrow_start.png]
[bestday.maskandesign.com/html/template/images/blue/double_arrow.png]
[bestday.maskandesign.com/html/template/images/blue/arrow_back.png]
[bestday.maskandesign.com/html/template/images/blue/arrow_end.png]
[bestday.maskandesign.com/html/template/images/blue/arrow_start.png]
[bestday.maskandesign.com/html/template/images/blue/bullet_active.png]
[bestday.maskandesign.com/html/template/images/blue/paper.jpg]
[bestday.maskandesign.com/html/template/images/blue/env_back.jpg]
[bestday.maskandesign.com/html/template/images/blue/env_top.png]
[bestday.maskandesign.com/html/template/images/blue/env_top_top.png]
[bestday.maskandesign.com/html/template/images/blue/envelope_front.png]
[bestday.maskandesign.com/html/template/css/blue.css]
[bestday.maskandesign.com/html/template/images/blue/port1.jpg]
[bestday.maskandesign.com/html/template/fonts/glyphicons-halflings-regular.svg]
[bestday.maskandesign.com/html/template/fonts/fontawesome-webfonte0a5.svg]
[bestday.maskandesign.com/html/template/css/flaticon/flaticon.svg]
[bestday.maskandesign.com/html/template/css/grabbing.html]
[bestday.maskandesign.com/html/template/css/images/loading.html]
[bestday.maskandesign.com/html/template/images/pink/double_arrow.png]
[bestday.maskandesign.com/html/template/images/pink/envelope_front.png]
