[www.webyzona.com/templates/themeforest/ilove/wedding.html]
[www.webyzona.com/templates/themeforest/ilove/index.html]
[backblue.gif]
[fade.gif]
[index.html]
[www.webyzona.com/templates/themeforest/ilove/css/bootstrap.min.css]
[www.webyzona.com/templates/themeforest/ilove/css/font-awesome-4.2.0/css/font-awesome.min.css]
[www.webyzona.com/templates/themeforest/ilove/css/ilove/font-ilove.css]
[www.webyzona.com/templates/themeforest/ilove/css/animate.css]
[www.webyzona.com/templates/themeforest/ilove/css/magnific-popup.css]
[www.webyzona.com/templates/themeforest/ilove/css/owl.carousel.css]
[www.webyzona.com/templates/themeforest/ilove/css/owl.theme.css]
[www.webyzona.com/templates/themeforest/ilove/css/style.css]
[www.webyzona.com/templates/themeforest/ilove/images/carousel-1.jpg]
[www.webyzona.com/templates/themeforest/ilove/images/carousel-2.jpg]
[www.webyzona.com/templates/themeforest/ilove/images/carousel-3.jpg]
[www.webyzona.com/templates/themeforest/ilove/images/logo.png]
[www.webyzona.com/templates/themeforest/ilove/category.html]
[www.webyzona.com/templates/themeforest/ilove/post.html]
[www.webyzona.com/templates/themeforest/ilove/404.html]
[www.webyzona.com/templates/themeforest/ilove/images/family-1.jpg]
[www.webyzona.com/templates/themeforest/ilove/images/family-2.jpg]
[www.webyzona.com/templates/themeforest/ilove/images/family-5.jpg]
[www.webyzona.com/templates/themeforest/ilove/images/family-6.jpg]
[www.webyzona.com/templates/themeforest/ilove/images/couple-standing.jpg]
[www.webyzona.com/templates/themeforest/ilove/images/family-3.jpg]
[www.webyzona.com/templates/themeforest/ilove/images/family-4.jpg]
[www.webyzona.com/templates/themeforest/ilove/images/family-7.jpg]
[www.webyzona.com/templates/themeforest/ilove/images/family-8.jpg]
[www.webyzona.com/templates/themeforest/ilove/video/wedding.19.delayed]
[www.webyzona.com/templates/themeforest/ilove/video/wedding.mp4]
[www.webyzona.com/templates/themeforest/ilove/video/wedding.1b.delayed]
[www.webyzona.com/templates/themeforest/ilove/images/g1.jpg]
[www.webyzona.com/templates/themeforest/ilove/images/g5.jpg]
[www.webyzona.com/templates/themeforest/ilove/images/g2.jpg]
[www.webyzona.com/templates/themeforest/ilove/images/g6.jpg]
[www.webyzona.com/templates/themeforest/ilove/images/g3.jpg]
[www.webyzona.com/templates/themeforest/ilove/images/g7.jpg]
[www.webyzona.com/templates/themeforest/ilove/images/g4.jpg]
[www.webyzona.com/templates/themeforest/ilove/images/g8.jpg]
[www.webyzona.com/templates/themeforest/ilove/images/couple.jpg]
[www.webyzona.com/templates/themeforest/ilove/images/blog/1.jpg]
[www.webyzona.com/templates/themeforest/ilove/images/blog/2.jpg]
[www.webyzona.com/templates/themeforest/ilove/images/blog/3.jpg]
[www.webyzona.com/templates/themeforest/ilove/images/blog/4.jpg]
[www.webyzona.com/templates/themeforest/ilove/images/blog/5.jpg]
[www.webyzona.com/templates/themeforest/ilove/images/blog/6.jpg]
[www.webyzona.com/templates/themeforest/ilove/images/blog/7.jpg]
[www.webyzona.com/templates/themeforest/ilove/images/blog/8.jpg]
[www.webyzona.com/templates/themeforest/ilove/images/blog/9.jpg]
[www.webyzona.com/templates/themeforest/ilove/js/modernizr.custom.js]
[www.webyzona.com/templates/themeforest/ilove/js/jquery.min.js]
[www.webyzona.com/templates/themeforest/ilove/js/bootstrap.min.js]
[www.webyzona.com/templates/themeforest/ilove/js/jquery.easing.min.js]
[www.webyzona.com/templates/themeforest/ilove/js/jquery.sticky.js]
[www.webyzona.com/templates/themeforest/ilove/js/jquery.parallax.js]
[www.webyzona.com/templates/themeforest/ilove/js/jquery-ui.min.js]
[www.webyzona.com/templates/themeforest/ilove/js/annyang.min.js]
[www.webyzona.com/templates/themeforest/ilove/js/masonry.pkgd.min.js]
[www.webyzona.com/templates/themeforest/ilove/js/wow.min.js]
[www.webyzona.com/templates/themeforest/ilove/js/waypoints.min.js]
[www.webyzona.com/templates/themeforest/ilove/js/smoothscrolling.js]
[www.webyzona.com/templates/themeforest/ilove/js/custom.js]
[www.webyzona.com/templates/themeforest/ilove/js/jquery.countTo.js]
[www.webyzona.com/templates/themeforest/ilove/js/geo.js]
[www.webyzona.com/templates/themeforest/ilove/js/fss.js]
[www.webyzona.com/templates/themeforest/ilove/js/jquery.mixitup.min.js]
[www.webyzona.com/templates/themeforest/ilove/js/imagesloaded.pkgd.min.js]
[www.webyzona.com/templates/themeforest/ilove/js/slide-fade-content.js]
[www.webyzona.com/templates/themeforest/ilove/js/owl.carousel.min.js]
[www.webyzona.com/templates/themeforest/ilove/js/jquery.magnific-popup.min.js]
[www.webyzona.com/templates/themeforest/ilove/js/prefixfree.js]
[www.webyzona.com/templates/themeforest/ilove/js/twitter/jquery.tweet.js]
[www.webyzona.com/templates/themeforest/ilove/js/countup.js]
[www.webyzona.com/templates/themeforest/ilove/index.html]
[www.webyzona.com/templates/themeforest/ilove/js/modernizr.hover.js]
[www.webyzona.com/templates/themeforest/ilove/css/vertical-nav.css]
[www.webyzona.com/templates/themeforest/ilove/images/groomsmen-1.jpg]
[www.webyzona.com/templates/themeforest/ilove/index-2.html]
[www.webyzona.com/templates/themeforest/ilove/images/groomsmen-2.jpg]
[www.webyzona.com/templates/themeforest/ilove/images/groomsmen-3.jpg]
[www.webyzona.com/templates/themeforest/ilove/images/groomsmen-4.jpg]
[www.webyzona.com/templates/themeforest/ilove/images/bridesmaids-1.jpg]
[www.webyzona.com/templates/themeforest/ilove/images/bridesmaids-2.jpg]
[www.webyzona.com/templates/themeforest/ilove/images/bridesmaids-3.jpg]
[www.webyzona.com/templates/themeforest/ilove/images/bridesmaids-4.jpg]
[www.webyzona.com/templates/themeforest/ilove/images/venue-1.jpg]
[www.webyzona.com/templates/themeforest/ilove/images/venue-2.jpg]
[www.webyzona.com/templates/themeforest/ilove/images/gift-1.png]
[www.webyzona.com/templates/themeforest/ilove/images/gift-2.png]
[www.webyzona.com/templates/themeforest/ilove/images/gift-3.png]
[www.webyzona.com/templates/themeforest/ilove/js/custom.wedding.js]
[www.webyzona.com/templates/themeforest/ilove/js/classie.js]
[www.webyzona.com/templates/themeforest/ilove/js/stepsForm.js]
[www.webyzona.com/templates/themeforest/ilove/wedding.html]
[www.webyzona.com/templates/themeforest/ilove/fonts/glyphicons-halflings-regular.eot]
[www.webyzona.com/templates/themeforest/ilove/fonts/glyphicons-halflings-regulard41d.eot]
[www.webyzona.com/templates/themeforest/ilove/fonts/glyphicons-halflings-regular.woff]
[www.webyzona.com/templates/themeforest/ilove/fonts/glyphicons-halflings-regular.ttf]
[www.webyzona.com/templates/themeforest/ilove/fonts/glyphicons-halflings-regular.svg]
[www.webyzona.com/templates/themeforest/ilove/css/bootstrap.min.css]
[www.webyzona.com/templates/themeforest/ilove/css/font-awesome-4.2.0/fonts/fontawesome-webfont78ce.woff]
[www.webyzona.com/templates/themeforest/ilove/css/font-awesome-4.2.0/fonts/fontawesome-webfont78ce.eot]
[www.webyzona.com/templates/themeforest/ilove/css/font-awesome-4.2.0/fonts/fontawesome-webfontd41d.eot]
[www.webyzona.com/templates/themeforest/ilove/css/font-awesome-4.2.0/fonts/fontawesome-webfont78ce.ttf]
[www.webyzona.com/templates/themeforest/ilove/css/font-awesome-4.2.0/css/font-awesome.min.css]
[www.webyzona.com/templates/themeforest/ilove/css/font-awesome-4.2.0/fonts/fontawesome-webfont78ce.svg]
[www.webyzona.com/templates/themeforest/ilove/css/ilove/fonts/ilove.eot]
[www.webyzona.com/templates/themeforest/ilove/css/ilove/fonts/iloved41d.eot]
[www.webyzona.com/templates/themeforest/ilove/css/ilove/fonts/ilove.woff]
[www.webyzona.com/templates/themeforest/ilove/css/ilove/fonts/ilove.ttf]
[www.webyzona.com/templates/themeforest/ilove/css/ilove/fonts/ilove.svg]
[www.webyzona.com/templates/themeforest/ilove/css/ilove/font-ilove.css]
[www.webyzona.com/templates/themeforest/ilove/css/animate.css]
[www.webyzona.com/templates/themeforest/ilove/css/magnific-popup.css]
[www.webyzona.com/templates/themeforest/ilove/images/grabbing.png]
[www.webyzona.com/templates/themeforest/ilove/css/owl.carousel.css]
[www.webyzona.com/templates/themeforest/ilove/images/AjaxLoader.gif]
[www.webyzona.com/templates/themeforest/ilove/css/owl.theme.css]
[www.webyzona.com/templates/themeforest/ilove/images/sep.png]
[www.webyzona.com/templates/themeforest/ilove/images/overlay.png]
[www.webyzona.com/templates/themeforest/ilove/images/overlay2.png]
[www.webyzona.com/templates/themeforest/ilove/images/pattern.png]
[www.webyzona.com/templates/themeforest/ilove/images/man.jpg]
[www.webyzona.com/templates/themeforest/ilove/images/woman.jpg]
[www.webyzona.com/templates/themeforest/ilove/images/parallax-favourites-bg.jpg]
[www.webyzona.com/templates/themeforest/ilove/images/parallax-family-bg.jpg]
[www.webyzona.com/templates/themeforest/ilove/images/parallax-common-bg.jpg]
[www.webyzona.com/templates/themeforest/ilove/images/parallax-contact-bg.jpg]
[www.webyzona.com/templates/themeforest/ilove/images/vidbg.jpg]
[www.webyzona.com/templates/themeforest/ilove/images/icons/aim.png]
[www.webyzona.com/templates/themeforest/ilove/images/icons/apple.png]
[www.webyzona.com/templates/themeforest/ilove/images/icons/behance.png]
[www.webyzona.com/templates/themeforest/ilove/images/icons/blogger.png]
[www.webyzona.com/templates/themeforest/ilove/images/icons/cargo.png]
[www.webyzona.com/templates/themeforest/ilove/images/icons/delicious.png]
[www.webyzona.com/templates/themeforest/ilove/images/icons/facebook.png]
[www.webyzona.com/templates/themeforest/ilove/images/icons/flickr.png]
[www.webyzona.com/templates/themeforest/ilove/images/icons/google.png]
[www.webyzona.com/templates/themeforest/ilove/images/icons/googleplus.png]
[www.webyzona.com/templates/themeforest/ilove/images/icons/html5.png]
[www.webyzona.com/templates/themeforest/ilove/images/icons/linkedin.png]
[www.webyzona.com/templates/themeforest/ilove/images/icons/orkut.png]
[www.webyzona.com/templates/themeforest/ilove/images/icons/paypal.png]
[www.webyzona.com/templates/themeforest/ilove/images/icons/picasa.png]
[www.webyzona.com/templates/themeforest/ilove/images/icons/pinterest.png]
[www.webyzona.com/templates/themeforest/ilove/images/icons/rss.png]
[www.webyzona.com/templates/themeforest/ilove/images/icons/skype.png]
[www.webyzona.com/templates/themeforest/ilove/images/icons/tumblr.png]
[www.webyzona.com/templates/themeforest/ilove/images/icons/twitter.png]
[www.webyzona.com/templates/themeforest/ilove/images/icons/vimeo.png]
[www.webyzona.com/templates/themeforest/ilove/images/icons/wordpress.png]
[www.webyzona.com/templates/themeforest/ilove/images/icons/yelp.png]
[www.webyzona.com/templates/themeforest/ilove/images/icons/youtube.png]
[www.webyzona.com/templates/themeforest/ilove/images/wedding-1.jpg]
[www.webyzona.com/templates/themeforest/ilove/css/style.css]
[www.webyzona.com/templates/themeforest/ilove/images/blog/blog-post-1.jpg]
[www.webyzona.com/templates/themeforest/ilove/category.html]
[www.webyzona.com/templates/themeforest/ilove/post.html]
[www.webyzona.com/templates/themeforest/ilove/404.html]
[www.webyzona.com/templates/themeforest/ilove/video/wedding.html]
[www.webyzona.com/templates/themeforest/ilove/video/wedding-2.html]
[www.webyzona.com/templates/themeforest/ilove/images/cd-arrow-bottom.8f.delayed]
[www.webyzona.com/templates/themeforest/ilove/css/vertical-nav.css]
[www.webyzona.com/templates/themeforest/ilove/index-2.html]
[www.webyzona.com/templates/themeforest/ilove/fonts/glyphicons-halflings-regular.html]
[www.webyzona.com/templates/themeforest/ilove/fonts/glyphicons-halflings-regulard41d.html]
[www.webyzona.com/templates/themeforest/ilove/fonts/glyphicons-halflings-regular-2.html]
[www.webyzona.com/templates/themeforest/ilove/fonts/glyphicons-halflings-regular-3.html]
[www.webyzona.com/templates/themeforest/ilove/fonts/glyphicons-halflings-regular-4.html]
[www.webyzona.com/templates/themeforest/ilove/css/font-awesome-4.2.0/fonts/fontawesome-webfont78ce.svg]
[www.webyzona.com/templates/themeforest/ilove/css/ilove/fonts/ilove.svg]
[www.webyzona.com/templates/themeforest/ilove/images/parallax-family-bg.html]
[www.webyzona.com/templates/themeforest/ilove/images/parallax-contact-bg.html]
[www.webyzona.com/templates/themeforest/ilove/images/icons/aim.html]
[www.webyzona.com/templates/themeforest/ilove/images/icons/apple.html]
[www.webyzona.com/templates/themeforest/ilove/images/icons/behance.html]
[www.webyzona.com/templates/themeforest/ilove/images/icons/blogger.html]
[www.webyzona.com/templates/themeforest/ilove/images/icons/cargo.html]
[www.webyzona.com/templates/themeforest/ilove/images/icons/delicious.html]
[www.webyzona.com/templates/themeforest/ilove/images/icons/wordpress.html]
[www.webyzona.com/templates/themeforest/ilove/images/cd-arrow-bottom.html]
