[irsfoundation.com/tf/templates/wedding/lovely-wedding/lovely-wedding/index-12.html]
[backblue.gif]
[fade.gif]
[index.html]
[irsfoundation.com/tf/templates/wedding/lovely-wedding/lovely-wedding/images/favicon/favicon.png]
[irsfoundation.com/tf/templates/wedding/lovely-wedding/lovely-wedding/images/favicon/apple-touch-icon.png]
[irsfoundation.com/tf/templates/wedding/lovely-wedding/lovely-wedding/images/favicon/apple-touch-icon-72x72.png]
[irsfoundation.com/tf/templates/wedding/lovely-wedding/lovely-wedding/images/favicon/apple-touch-icon-114x114.png]
[irsfoundation.com/tf/templates/wedding/lovely-wedding/lovely-wedding/images/favicon/apple-touch-icon-144x144.png]
[irsfoundation.com/tf/templates/wedding/lovely-wedding/lovely-wedding/css/font-awesome.min.css]
[irsfoundation.com/tf/templates/wedding/lovely-wedding/lovely-wedding/css/flaticon.css]
[irsfoundation.com/tf/templates/wedding/lovely-wedding/lovely-wedding/css/bootstrap.min.css]
[irsfoundation.com/tf/templates/wedding/lovely-wedding/lovely-wedding/css/animate.css]
[irsfoundation.com/tf/templates/wedding/lovely-wedding/lovely-wedding/css/owl.carousel.css]
[irsfoundation.com/tf/templates/wedding/lovely-wedding/lovely-wedding/css/owl.theme.css]
[irsfoundation.com/tf/templates/wedding/lovely-wedding/lovely-wedding/css/slick.css]
[irsfoundation.com/tf/templates/wedding/lovely-wedding/lovely-wedding/css/slick-theme.css]
[irsfoundation.com/tf/templates/wedding/lovely-wedding/lovely-wedding/css/owl.transitions.css]
[irsfoundation.com/tf/templates/wedding/lovely-wedding/lovely-wedding/css/jquery.fancybox.css]
[irsfoundation.com/tf/templates/wedding/lovely-wedding/lovely-wedding/css/magnific-popup.css]
[irsfoundation.com/tf/templates/wedding/lovely-wedding/lovely-wedding/css/style.css]
[irsfoundation.com/tf/templates/wedding/lovely-wedding/lovely-wedding/blog.html]
[irsfoundation.com/tf/templates/wedding/lovely-wedding/lovely-wedding/blog-details.html]
[irsfoundation.com/tf/templates/wedding/lovely-wedding/lovely-wedding/images/couple/img-1.jpg]
[irsfoundation.com/tf/templates/wedding/lovely-wedding/lovely-wedding/images/couple/img-2.jpg]
[irsfoundation.com/tf/templates/wedding/lovely-wedding/lovely-wedding/images/story/img-1.jpg]
[irsfoundation.com/tf/templates/wedding/lovely-wedding/lovely-wedding/images/story/img-2.jpg]
[irsfoundation.com/tf/templates/wedding/lovely-wedding/lovely-wedding/images/story/img-3.jpg]
[irsfoundation.com/tf/templates/wedding/lovely-wedding/lovely-wedding/images/story/img-7.jpg]
[irsfoundation.com/tf/templates/wedding/lovely-wedding/lovely-wedding/images/story/img-5.jpg]
[irsfoundation.com/tf/templates/wedding/lovely-wedding/lovely-wedding/images/story/img-8.jpg]
[irsfoundation.com/tf/templates/wedding/lovely-wedding/lovely-wedding/images/events/img-1.jpg]
[irsfoundation.com/tf/templates/wedding/lovely-wedding/lovely-wedding/images/events/img-2.jpg]
[irsfoundation.com/tf/templates/wedding/lovely-wedding/lovely-wedding/images/groomsmen/img-1.jpg]
[irsfoundation.com/tf/templates/wedding/lovely-wedding/lovely-wedding/images/groomsmen/img-2.jpg]
[irsfoundation.com/tf/templates/wedding/lovely-wedding/lovely-wedding/images/groomsmen/img-3.jpg]
[irsfoundation.com/tf/templates/wedding/lovely-wedding/lovely-wedding/images/groomsmen/img-4.jpg]
[irsfoundation.com/tf/templates/wedding/lovely-wedding/lovely-wedding/images/groomsmen/img-5.jpg]
[irsfoundation.com/tf/templates/wedding/lovely-wedding/lovely-wedding/images/groomsmen/img-6.jpg]
[irsfoundation.com/tf/templates/wedding/lovely-wedding/lovely-wedding/images/bridesmaid/img-1.jpg]
[irsfoundation.com/tf/templates/wedding/lovely-wedding/lovely-wedding/images/bridesmaid/img-2.jpg]
[irsfoundation.com/tf/templates/wedding/lovely-wedding/lovely-wedding/images/bridesmaid/img-3.jpg]
[irsfoundation.com/tf/templates/wedding/lovely-wedding/lovely-wedding/images/bridesmaid/img-4.jpg]
[irsfoundation.com/tf/templates/wedding/lovely-wedding/lovely-wedding/images/bridesmaid/img-5.jpg]
[irsfoundation.com/tf/templates/wedding/lovely-wedding/lovely-wedding/images/bridesmaid/img-6.jpg]
[irsfoundation.com/tf/templates/wedding/lovely-wedding/lovely-wedding/images/gallery/img-1.jpg]
[irsfoundation.com/tf/templates/wedding/lovely-wedding/lovely-wedding/images/gallery/img-2.jpg]
[irsfoundation.com/tf/templates/wedding/lovely-wedding/lovely-wedding/images/gallery/img-3.jpg]
[irsfoundation.com/tf/templates/wedding/lovely-wedding/lovely-wedding/images/gallery/img-4.jpg]
[irsfoundation.com/tf/templates/wedding/lovely-wedding/lovely-wedding/images/gallery/img-5.jpg]
[irsfoundation.com/tf/templates/wedding/lovely-wedding/lovely-wedding/images/gallery/img-6.jpg]
[irsfoundation.com/tf/templates/wedding/lovely-wedding/lovely-wedding/images/gallery/img-7.jpg]
[irsfoundation.com/tf/templates/wedding/lovely-wedding/lovely-wedding/images/gallery/img-8.jpg]
[irsfoundation.com/tf/templates/wedding/lovely-wedding/lovely-wedding/images/gallery/img-9.jpg]
[irsfoundation.com/tf/templates/wedding/lovely-wedding/lovely-wedding/images/gift/img-1.jpg]
[irsfoundation.com/tf/templates/wedding/lovely-wedding/lovely-wedding/images/gift/img-2.jpg]
[irsfoundation.com/tf/templates/wedding/lovely-wedding/lovely-wedding/images/gift/img-3.jpg]
[irsfoundation.com/tf/templates/wedding/lovely-wedding/lovely-wedding/js/bootstrap.min.js]
[irsfoundation.com/tf/templates/wedding/lovely-wedding/lovely-wedding/js/jquery.min.js]
[irsfoundation.com/tf/templates/wedding/lovely-wedding/lovely-wedding/index-12.html]
[irsfoundation.com/tf/templates/wedding/lovely-wedding/lovely-wedding/js/script.js]
[irsfoundation.com/tf/templates/wedding/lovely-wedding/lovely-wedding/js/jquery.mb.YTPlayer.src.js]
[irsfoundation.com/tf/templates/wedding/lovely-wedding/lovely-wedding/fonts/fontawesome-webfont5b62.eot]
[irsfoundation.com/tf/templates/wedding/lovely-wedding/lovely-wedding/fonts/fontawesome-webfontd41d.eot]
[irsfoundation.com/tf/templates/wedding/lovely-wedding/lovely-wedding/fonts/fontawesome-webfont5b62.woff2]
[irsfoundation.com/tf/templates/wedding/lovely-wedding/lovely-wedding/js/jquery-plugin-collection.js]
[irsfoundation.com/tf/templates/wedding/lovely-wedding/lovely-wedding/fonts/fontawesome-webfont5b62.woff]
[irsfoundation.com/tf/templates/wedding/lovely-wedding/lovely-wedding/fonts/fontawesome-webfont5b62.ttf]
[irsfoundation.com/tf/templates/wedding/lovely-wedding/lovely-wedding/css/font-awesome.min.css]
[irsfoundation.com/tf/templates/wedding/lovely-wedding/lovely-wedding/fonts/fontawesome-webfont5b62.svg]
[irsfoundation.com/tf/templates/wedding/lovely-wedding/lovely-wedding/fonts/Flaticon.eot]
[irsfoundation.com/tf/templates/wedding/lovely-wedding/lovely-wedding/fonts/Flaticon.woff]
[irsfoundation.com/tf/templates/wedding/lovely-wedding/lovely-wedding/fonts/Flaticond41d.eot]
[irsfoundation.com/tf/templates/wedding/lovely-wedding/lovely-wedding/fonts/Flaticon.ttf]
[irsfoundation.com/tf/templates/wedding/lovely-wedding/lovely-wedding/css/flaticon.css]
[irsfoundation.com/tf/templates/wedding/lovely-wedding/lovely-wedding/fonts/Flaticon.svg]
[irsfoundation.com/tf/templates/wedding/lovely-wedding/lovely-wedding/fonts/glyphicons-halflings-regular.eot]
[irsfoundation.com/tf/templates/wedding/lovely-wedding/lovely-wedding/fonts/glyphicons-halflings-regular.woff2]
[irsfoundation.com/tf/templates/wedding/lovely-wedding/lovely-wedding/fonts/glyphicons-halflings-regular.woff]
[irsfoundation.com/tf/templates/wedding/lovely-wedding/lovely-wedding/fonts/glyphicons-halflings-regulard41d.eot]
[irsfoundation.com/tf/templates/wedding/lovely-wedding/lovely-wedding/fonts/glyphicons-halflings-regular.ttf]
[irsfoundation.com/tf/templates/wedding/lovely-wedding/lovely-wedding/fonts/glyphicons-halflings-regular.svg]
[irsfoundation.com/tf/templates/wedding/lovely-wedding/lovely-wedding/css/bootstrap.min.css]
[irsfoundation.com/tf/templates/wedding/lovely-wedding/lovely-wedding/css/animate.css]
[irsfoundation.com/tf/templates/wedding/lovely-wedding/lovely-wedding/css/owl.video.play.png]
[irsfoundation.com/tf/templates/wedding/lovely-wedding/lovely-wedding/css/owl.carousel.css]
[irsfoundation.com/tf/templates/wedding/lovely-wedding/lovely-wedding/css/owl.theme.css]
[irsfoundation.com/tf/templates/wedding/lovely-wedding/lovely-wedding/css/slick.css]
[irsfoundation.com/tf/templates/wedding/lovely-wedding/lovely-wedding/images/ajax-loader.gif]
[irsfoundation.com/tf/templates/wedding/lovely-wedding/lovely-wedding/fonts/slick.eot]
[irsfoundation.com/tf/templates/wedding/lovely-wedding/lovely-wedding/fonts/slick.woff]
[irsfoundation.com/tf/templates/wedding/lovely-wedding/lovely-wedding/fonts/slickd41d.eot]
[irsfoundation.com/tf/templates/wedding/lovely-wedding/lovely-wedding/fonts/slick.ttf]
[irsfoundation.com/tf/templates/wedding/lovely-wedding/lovely-wedding/fonts/slick.svg]
[irsfoundation.com/tf/templates/wedding/lovely-wedding/lovely-wedding/css/slick-theme.css]
[irsfoundation.com/tf/templates/wedding/lovely-wedding/lovely-wedding/css/owl.transitions.css]
[irsfoundation.com/tf/templates/wedding/lovely-wedding/lovely-wedding/images/fancybox/fancybox_sprite.png]
[irsfoundation.com/tf/templates/wedding/lovely-wedding/lovely-wedding/images/fancybox/fancybox_loading.gif]
[irsfoundation.com/tf/templates/wedding/lovely-wedding/lovely-wedding/images/fancybox/blank.gif]
[irsfoundation.com/tf/templates/wedding/lovely-wedding/lovely-wedding/images/fancybox/fancybox_overlay.png]
[irsfoundation.com/tf/templates/wedding/lovely-wedding/lovely-wedding/images/fancybox/fancybox_sprite@2x.png]
[irsfoundation.com/tf/templates/wedding/lovely-wedding/lovely-wedding/images/fancybox/fancybox_loading@2x.gif]
[irsfoundation.com/tf/templates/wedding/lovely-wedding/lovely-wedding/css/jquery.fancybox.css]
[irsfoundation.com/tf/templates/wedding/lovely-wedding/lovely-wedding/css/magnific-popup.css]
[irsfoundation.com/tf/templates/wedding/lovely-wedding/lovely-wedding/images/select-icon.png]
[irsfoundation.com/tf/templates/wedding/lovely-wedding/lovely-wedding/images/page-title.jpg]
[irsfoundation.com/tf/templates/wedding/lovely-wedding/lovely-wedding/images/slider/slide-1.jpg]
[irsfoundation.com/tf/templates/wedding/lovely-wedding/lovely-wedding/images/footer-bg.jpg]
[irsfoundation.com/tf/templates/wedding/lovely-wedding/lovely-wedding/css/style.css]
[irsfoundation.com/tf/templates/wedding/lovely-wedding/lovely-wedding/index.html]
[irsfoundation.com/tf/templates/wedding/lovely-wedding/lovely-wedding/images/blog/img-1.jpg]
[irsfoundation.com/tf/templates/wedding/lovely-wedding/lovely-wedding/images/blog/img-2.jpg]
[irsfoundation.com/tf/templates/wedding/lovely-wedding/lovely-wedding/images/blog/img-3.jpg]
[irsfoundation.com/tf/templates/wedding/lovely-wedding/lovely-wedding/blog.html]
[irsfoundation.com/tf/templates/wedding/lovely-wedding/lovely-wedding/images/blog-details/author.jpg]
[irsfoundation.com/tf/templates/wedding/lovely-wedding/lovely-wedding/images/blog-details/author-2.jpg]
[irsfoundation.com/tf/templates/wedding/lovely-wedding/lovely-wedding/blog-details.html]
[irsfoundation.com/tf/templates/wedding/lovely-wedding/lovely-wedding/fonts/fontawesome-webfont5b62.svg]
[irsfoundation.com/tf/templates/wedding/lovely-wedding/lovely-wedding/fonts/Flaticon.svg]
[irsfoundation.com/tf/templates/wedding/lovely-wedding/lovely-wedding/fonts/glyphicons-halflings-regular.svg]
[irsfoundation.com/tf/templates/wedding/lovely-wedding/lovely-wedding/css/owl.video.play.html]
[irsfoundation.com/tf/templates/wedding/lovely-wedding/lovely-wedding/fonts/slick.svg]
[irsfoundation.com/tf/templates/wedding/lovely-wedding/lovely-wedding/images/slider/slide-2.jpg]
[irsfoundation.com/tf/templates/wedding/lovely-wedding/lovely-wedding/index.html]
